[2024/09/05 - 20:59:03] main                                          JDA             INFO   Login Successful!
[2024/09/05 - 20:59:04] JDA MainWS-WriteThread                        WebSocketClient INFO   Connected to WebSocket
[2024/09/05 - 20:59:04] JDA MainWS-ReadThread                         JDA             INFO   Finished Loading!
[2024/09/05 - 20:59:05] JDA MainWS-ReadThread                         JDA             ERROR  One of the EventListeners had an uncaught exception
org.jooq.exception.DetachedException: Cannot execute query. No JDBC Connection configured
	at org.jooq_3.19.11.MYSQL.debug(Unknown Source)
	at org.jooq.impl.AbstractQuery.connection(AbstractQuery.java:395)
	at org.jooq.impl.AbstractQuery.execute(AbstractQuery.java:308)
	at de.grewdev.utils.manager.EmbedsManager.createIfNotExistsEmbedTable(EmbedsManager.java:53)
	at de.grewdev.utils.manager.EmbedsManager.<init>(EmbedsManager.java:34)
	at de.grewdev.utils.manager.EmbedsManager.getInstance(EmbedsManager.java:42)
	at de.grewdev.events.ReadyEventListener.createOrUpdateDefaultEmbeds(ReadyEventListener.java:30)
	at de.grewdev.events.ReadyEventListener.onReady(ReadyEventListener.java:26)
	at net.dv8tion.jda.api.hooks.ListenerAdapter.onEvent(ListenerAdapter.java:463)
	at net.dv8tion.jda.api.hooks.InterfacedEventManager.handle(InterfacedEventManager.java:98)
	at net.dv8tion.jda.internal.hooks.EventManagerProxy.handleInternally(EventManagerProxy.java:88)
	at net.dv8tion.jda.internal.hooks.EventManagerProxy.handle(EventManagerProxy.java:70)
	at net.dv8tion.jda.internal.JDAImpl.handleEvent(JDAImpl.java:169)
	at net.dv8tion.jda.internal.requests.WebSocketClient.ready(WebSocketClient.java:211)
	at net.dv8tion.jda.internal.handle.GuildSetupController.checkReady(GuildSetupController.java:115)
	at net.dv8tion.jda.internal.handle.GuildSetupController.ready(GuildSetupController.java:102)
	at net.dv8tion.jda.internal.handle.GuildSetupNode.completeSetup(GuildSetupNode.java:377)
	at net.dv8tion.jda.internal.handle.GuildSetupNode.handleMemberChunk(GuildSetupNode.java:260)
	at net.dv8tion.jda.internal.handle.GuildSetupNode.ensureMembers(GuildSetupNode.java:394)
	at net.dv8tion.jda.internal.handle.GuildSetupNode.handleCreate(GuildSetupNode.java:220)
	at net.dv8tion.jda.internal.handle.GuildSetupController.onCreate(GuildSetupController.java:170)
	at net.dv8tion.jda.internal.handle.GuildCreateHandler.handleInternally(GuildCreateHandler.java:44)
	at net.dv8tion.jda.internal.handle.SocketHandler.handle(SocketHandler.java:39)
	at net.dv8tion.jda.internal.requests.WebSocketClient.onDispatch(WebSocketClient.java:1009)
	at net.dv8tion.jda.internal.requests.WebSocketClient.onEvent(WebSocketClient.java:892)
	at net.dv8tion.jda.internal.requests.WebSocketClient.handleEvent(WebSocketClient.java:870)
	at net.dv8tion.jda.internal.requests.WebSocketClient.onBinaryMessage(WebSocketClient.java:1048)
	at com.neovisionaries.ws.client.ListenerManager.callOnBinaryMessage(ListenerManager.java:385)
	at com.neovisionaries.ws.client.ReadingThread.callOnBinaryMessage(ReadingThread.java:276)
	at com.neovisionaries.ws.client.ReadingThread.handleBinaryFrame(ReadingThread.java:996)
	at com.neovisionaries.ws.client.ReadingThread.handleFrame(ReadingThread.java:755)
	at com.neovisionaries.ws.client.ReadingThread.main(ReadingThread.java:108)
	at com.neovisionaries.ws.client.ReadingThread.runMain(ReadingThread.java:64)
	at com.neovisionaries.ws.client.WebSocketThread.run(WebSocketThread.java:45)
[2024/09/05 - 20:59:05] JDA MainWS-ReadThread                         JDA             ERROR  One of the EventListeners had an uncaught exception
org.jooq.exception.DetachedException: Cannot execute query. No JDBC Connection configured
	at org.jooq_3.19.11.MYSQL.debug(Unknown Source)
	at org.jooq.impl.AbstractQuery.connection(AbstractQuery.java:395)
	at org.jooq.impl.AbstractQuery.execute(AbstractQuery.java:308)
	at de.grewdev.utils.manager.EmbedsManager.createIfNotExistsEmbedTable(EmbedsManager.java:53)
	at de.grewdev.utils.manager.EmbedsManager.<init>(EmbedsManager.java:34)
	at de.grewdev.utils.manager.EmbedsManager.getInstance(EmbedsManager.java:42)
	at de.grewdev.events.MessageInteractionEventListener.onReady(MessageInteractionEventListener.java:26)
	at net.dv8tion.jda.api.hooks.ListenerAdapter.onEvent(ListenerAdapter.java:463)
	at net.dv8tion.jda.api.hooks.InterfacedEventManager.handle(InterfacedEventManager.java:98)
	at net.dv8tion.jda.internal.hooks.EventManagerProxy.handleInternally(EventManagerProxy.java:88)
	at net.dv8tion.jda.internal.hooks.EventManagerProxy.handle(EventManagerProxy.java:70)
	at net.dv8tion.jda.internal.JDAImpl.handleEvent(JDAImpl.java:169)
	at net.dv8tion.jda.internal.requests.WebSocketClient.ready(WebSocketClient.java:211)
	at net.dv8tion.jda.internal.handle.GuildSetupController.checkReady(GuildSetupController.java:115)
	at net.dv8tion.jda.internal.handle.GuildSetupController.ready(GuildSetupController.java:102)
	at net.dv8tion.jda.internal.handle.GuildSetupNode.completeSetup(GuildSetupNode.java:377)
	at net.dv8tion.jda.internal.handle.GuildSetupNode.handleMemberChunk(GuildSetupNode.java:260)
	at net.dv8tion.jda.internal.handle.GuildSetupNode.ensureMembers(GuildSetupNode.java:394)
	at net.dv8tion.jda.internal.handle.GuildSetupNode.handleCreate(GuildSetupNode.java:220)
	at net.dv8tion.jda.internal.handle.GuildSetupController.onCreate(GuildSetupController.java:170)
	at net.dv8tion.jda.internal.handle.GuildCreateHandler.handleInternally(GuildCreateHandler.java:44)
	at net.dv8tion.jda.internal.handle.SocketHandler.handle(SocketHandler.java:39)
	at net.dv8tion.jda.internal.requests.WebSocketClient.onDispatch(WebSocketClient.java:1009)
	at net.dv8tion.jda.internal.requests.WebSocketClient.onEvent(WebSocketClient.java:892)
	at net.dv8tion.jda.internal.requests.WebSocketClient.handleEvent(WebSocketClient.java:870)
	at net.dv8tion.jda.internal.requests.WebSocketClient.onBinaryMessage(WebSocketClient.java:1048)
	at com.neovisionaries.ws.client.ListenerManager.callOnBinaryMessage(ListenerManager.java:385)
	at com.neovisionaries.ws.client.ReadingThread.callOnBinaryMessage(ReadingThread.java:276)
	at com.neovisionaries.ws.client.ReadingThread.handleBinaryFrame(ReadingThread.java:996)
	at com.neovisionaries.ws.client.ReadingThread.handleFrame(ReadingThread.java:755)
	at com.neovisionaries.ws.client.ReadingThread.main(ReadingThread.java:108)
	at com.neovisionaries.ws.client.ReadingThread.runMain(ReadingThread.java:64)
	at com.neovisionaries.ws.client.WebSocketThread.run(WebSocketThread.java:45)
[2024/09/05 - 20:59:05] JDA MainWS-ReadThread                         JDA             ERROR  One of the EventListeners had an uncaught exception
org.jooq.exception.DetachedException: Cannot execute query. No JDBC Connection configured
	at org.jooq_3.19.11.MYSQL.debug(Unknown Source)
	at org.jooq.impl.AbstractQuery.connection(AbstractQuery.java:395)
	at org.jooq.impl.AbstractQuery.execute(AbstractQuery.java:308)
	at de.grewdev.utils.manager.CrewMemberManager.createIfNotExistsEmbedTable(CrewMemberManager.java:39)
	at de.grewdev.utils.manager.CrewMemberManager.<init>(CrewMemberManager.java:30)
	at de.grewdev.utils.manager.CrewMemberManager.getInstance(CrewMemberManager.java:81)
	at de.grewdev.events.PrivateMessageListener.onReady(PrivateMessageListener.java:19)
	at net.dv8tion.jda.api.hooks.ListenerAdapter.onEvent(ListenerAdapter.java:463)
	at net.dv8tion.jda.api.hooks.InterfacedEventManager.handle(InterfacedEventManager.java:98)
	at net.dv8tion.jda.internal.hooks.EventManagerProxy.handleInternally(EventManagerProxy.java:88)
	at net.dv8tion.jda.internal.hooks.EventManagerProxy.handle(EventManagerProxy.java:70)
	at net.dv8tion.jda.internal.JDAImpl.handleEvent(JDAImpl.java:169)
	at net.dv8tion.jda.internal.requests.WebSocketClient.ready(WebSocketClient.java:211)
	at net.dv8tion.jda.internal.handle.GuildSetupController.checkReady(GuildSetupController.java:115)
	at net.dv8tion.jda.internal.handle.GuildSetupController.ready(GuildSetupController.java:102)
	at net.dv8tion.jda.internal.handle.GuildSetupNode.completeSetup(GuildSetupNode.java:377)
	at net.dv8tion.jda.internal.handle.GuildSetupNode.handleMemberChunk(GuildSetupNode.java:260)
	at net.dv8tion.jda.internal.handle.GuildSetupNode.ensureMembers(GuildSetupNode.java:394)
	at net.dv8tion.jda.internal.handle.GuildSetupNode.handleCreate(GuildSetupNode.java:220)
	at net.dv8tion.jda.internal.handle.GuildSetupController.onCreate(GuildSetupController.java:170)
	at net.dv8tion.jda.internal.handle.GuildCreateHandler.handleInternally(GuildCreateHandler.java:44)
	at net.dv8tion.jda.internal.handle.SocketHandler.handle(SocketHandler.java:39)
	at net.dv8tion.jda.internal.requests.WebSocketClient.onDispatch(WebSocketClient.java:1009)
	at net.dv8tion.jda.internal.requests.WebSocketClient.onEvent(WebSocketClient.java:892)
	at net.dv8tion.jda.internal.requests.WebSocketClient.handleEvent(WebSocketClient.java:870)
	at net.dv8tion.jda.internal.requests.WebSocketClient.onBinaryMessage(WebSocketClient.java:1048)
	at com.neovisionaries.ws.client.ListenerManager.callOnBinaryMessage(ListenerManager.java:385)
	at com.neovisionaries.ws.client.ReadingThread.callOnBinaryMessage(ReadingThread.java:276)
	at com.neovisionaries.ws.client.ReadingThread.handleBinaryFrame(ReadingThread.java:996)
	at com.neovisionaries.ws.client.ReadingThread.handleFrame(ReadingThread.java:755)
	at com.neovisionaries.ws.client.ReadingThread.main(ReadingThread.java:108)
	at com.neovisionaries.ws.client.ReadingThread.runMain(ReadingThread.java:64)
	at com.neovisionaries.ws.client.WebSocketThread.run(WebSocketThread.java:45)
[2024/09/05 - 21:11:12] Thread-5                                      Main            INFO   [2024/09/05 - 21:11:12] Shutting down... sending last message...
[2024/09/05 - 21:11:18] main                                          JDA             INFO   Login Successful!
[2024/09/05 - 21:11:18] JDA MainWS-ReadThread                         WebSocketClient INFO   Connected to WebSocket
[2024/09/05 - 21:11:18] JDA MainWS-ReadThread                         JDA             INFO   Finished Loading!
[2024/09/05 - 21:11:19] JDA MainWS-ReadThread                         logVersionSuppo INFO   Version                  : Database version is supported by dialect MYSQL: 8.4.0
[2024/09/05 - 21:11:36] JDA MainWS-ReadThread                         JDA             ERROR  One of the EventListeners had an uncaught exception
org.jooq.exception.IntegrityConstraintViolationException: SQL [insert into crewMembers (memberName, memberId) values (?, ?)]; Duplicate entry '681525561855967273' for key 'crewMembers.PRIMARY'
	at org.jooq_3.19.11.MYSQL.debug(Unknown Source)
	at org.jooq.impl.Tools.translate(Tools.java:3607)
	at org.jooq.impl.Tools.translate(Tools.java:3597)
	at org.jooq.impl.DefaultExecuteContext.sqlException(DefaultExecuteContext.java:827)
	at org.jooq.impl.AbstractQuery.execute(AbstractQuery.java:362)
	at org.jooq.impl.AbstractDelegatingQuery.execute(AbstractDelegatingQuery.java:115)
	at de.grewdev.utils.manager.CrewMemberManager.addMember(CrewMemberManager.java:64)
	at de.grewdev.cmds.CrewMemberCmd.handleCommand(CrewMemberCmd.java:38)
	at de.grewdev.events.CommandEventListener.onSlashCommandInteraction(CommandEventListener.java:23)
	at net.dv8tion.jda.api.hooks.ListenerAdapter.onEvent(ListenerAdapter.java:463)
	at net.dv8tion.jda.api.hooks.InterfacedEventManager.handle(InterfacedEventManager.java:98)
	at net.dv8tion.jda.internal.hooks.EventManagerProxy.handleInternally(EventManagerProxy.java:88)
	at net.dv8tion.jda.internal.hooks.EventManagerProxy.handle(EventManagerProxy.java:70)
	at net.dv8tion.jda.internal.JDAImpl.handleEvent(JDAImpl.java:169)
	at net.dv8tion.jda.internal.handle.InteractionCreateHandler.handleCommand(InteractionCreateHandler.java:112)
	at net.dv8tion.jda.internal.handle.InteractionCreateHandler.handleInternally(InteractionCreateHandler.java:83)
	at net.dv8tion.jda.internal.handle.SocketHandler.handle(SocketHandler.java:39)
	at net.dv8tion.jda.internal.requests.WebSocketClient.onDispatch(WebSocketClient.java:1009)
	at net.dv8tion.jda.internal.requests.WebSocketClient.onEvent(WebSocketClient.java:892)
	at net.dv8tion.jda.internal.requests.WebSocketClient.handleEvent(WebSocketClient.java:870)
	at net.dv8tion.jda.internal.requests.WebSocketClient.onBinaryMessage(WebSocketClient.java:1048)
	at com.neovisionaries.ws.client.ListenerManager.callOnBinaryMessage(ListenerManager.java:385)
	at com.neovisionaries.ws.client.ReadingThread.callOnBinaryMessage(ReadingThread.java:276)
	at com.neovisionaries.ws.client.ReadingThread.handleBinaryFrame(ReadingThread.java:996)
	at com.neovisionaries.ws.client.ReadingThread.handleFrame(ReadingThread.java:755)
	at com.neovisionaries.ws.client.ReadingThread.main(ReadingThread.java:108)
	at com.neovisionaries.ws.client.ReadingThread.runMain(ReadingThread.java:64)
	at com.neovisionaries.ws.client.WebSocketThread.run(WebSocketThread.java:45)
Caused by: java.sql.SQLIntegrityConstraintViolationException: Duplicate entry '681525561855967273' for key 'crewMembers.PRIMARY'
	at com.mysql.cj.jdbc.exceptions.SQLError.createSQLException(SQLError.java:109)
	at com.mysql.cj.jdbc.exceptions.SQLExceptionsMapping.translateException(SQLExceptionsMapping.java:114)
	at com.mysql.cj.jdbc.ClientPreparedStatement.executeInternal(ClientPreparedStatement.java:987)
	at com.mysql.cj.jdbc.ClientPreparedStatement.execute(ClientPreparedStatement.java:382)
	at org.jooq.tools.jdbc.DefaultPreparedStatement.execute(DefaultPreparedStatement.java:219)
	at org.jooq.impl.AbstractQuery.execute(AbstractQuery.java:458)
	at org.jooq.impl.AbstractDMLQuery.execute(AbstractDMLQuery.java:1068)
	at org.jooq.impl.AbstractQuery.execute(AbstractQuery.java:348)
	... 23 common frames omitted
[2024/09/05 - 21:12:37] Thread-5                                      Main            INFO   [2024/09/05 - 21:12:37] Shutting down... sending last message...
[2024/09/05 - 21:16:04] main                                          JDA             INFO   Login Successful!
[2024/09/05 - 21:16:05] JDA MainWS-WriteThread                        WebSocketClient INFO   Connected to WebSocket
[2024/09/05 - 21:16:05] JDA MainWS-ReadThread                         JDA             INFO   Finished Loading!
[2024/09/05 - 21:16:06] JDA MainWS-ReadThread                         logVersionSuppo INFO   Version                  : Database version is supported by dialect MYSQL: 8.4.0
[2024/09/05 - 21:18:20] Thread-5                                      Main            INFO   [2024/09/05 - 21:18:20] Shutting down... sending last message...
